2026-08-31 12:12:55 | DEBUG   | steamreq | logging inicializado | arquivo=C:\Users\z004kree\OneDrive - Siemens Energy\Área de Trabalho\MBA DSA\steam-req-pipeline\data/logs\run_20260831_121255.log
2026-08-31 12:12:55 | INFO    | steamreq.cli | ==============================================================================
2026-08-31 12:12:55 | INFO    | steamreq.cli | steam-req-pipeline v0.1.0 | scraper=0.1.0 | filter_version=1.1.0
2026-08-31 12:12:55 | INFO    | steamreq.cli | log persistente: C:\Users\z004kree\OneDrive - Siemens Energy\Área de Trabalho\MBA DSA\steam-req-pipeline\data/logs\run_20260831_121255.log
2026-08-31 12:12:55 | INFO    | steamreq.cli | ==============================================================================
2026-08-31 12:12:55 | INFO    | steamreq.tags | [TAGS]      taxonomia carregada do cache | 446 tags | coletada em 2026-08-31T13:00:47Z
2026-08-31 12:12:55 | INFO    | steamreq.cli | [TAGS]      446 tags oficiais | 42/42 tags do filtro resolvidas
2026-08-31 12:12:55 | DEBUG   | steamreq.cli | [TAGS]      positiva forte 3D                     -> 4191
2026-08-31 12:12:55 | DEBUG   | steamreq.cli | [TAGS]      positiva forte First-Person           -> 3839
2026-08-31 12:12:55 | DEBUG   | steamreq.cli | [TAGS]      positiva forte Third Person           -> 1697
2026-08-31 12:12:55 | DEBUG   | steamreq.cli | [TAGS]      positiva forte Third-Person Shooter   -> 3814
2026-08-31 12:12:55 | DEBUG   | steamreq.cli | [TAGS]      positiva forte FPS                    -> 1663
2026-08-31 12:12:55 | DEBUG   | steamreq.cli | [TAGS]      positiva forte 3D Platformer          -> 5395
2026-08-31 12:12:55 | DEBUG   | steamreq.cli | [TAGS]      positiva forte 3D Fighter             -> 6506
2026-08-31 12:12:55 | DEBUG   | steamreq.cli | [TAGS]      positiva forte Immersive Sim          -> 9204
2026-08-31 12:12:55 | DEBUG   | steamreq.cli | [TAGS]      positiva forte Walking Simulator      -> 5900
2026-08-31 12:12:55 | DEBUG   | steamreq.cli | [TAGS]      positiva forte Automobile Sim         -> 1100687
2026-08-31 12:12:55 | DEBUG   | steamreq.cli | [TAGS]      positiva forte Flight                 -> 15045
2026-08-31 12:12:55 | DEBUG   | steamreq.cli | [TAGS]      positiva forte Space Sim              -> 16598
2026-08-31 12:12:55 | DEBUG   | steamreq.cli | [TAGS]      positiva forte Looter Shooter         -> 353880
2026-08-31 12:12:55 | DEBUG   | steamreq.cli | [TAGS]      positiva forte Hero Shooter           -> 620519
2026-08-31 12:12:55 | DEBUG   | steamreq.cli | [TAGS]      positiva forte Arena Shooter          -> 5547
2026-08-31 12:12:55 | DEBUG   | steamreq.cli | [TAGS]      positiva forte Rail Shooter           -> 3954
2026-08-31 12:12:55 | INFO    | steamreq.cli | [DISCOVERY] MODO PILOTO: 4 paginas por tag, gravando em candidates_pilot.json (nao afeta a coleta definitiva)
2026-08-31 12:12:55 | INFO    | steamreq.discovery | [DISCOVERY] 3 tags positivas a consultar | untags=Indie(492) | ritmo 4.0s/req
2026-08-31 12:12:55 | INFO    | steamreq.discovery | [DISCOVERY] --- tag 1/3: 3D ---
2026-08-31 12:12:56 | INFO    | steamreq.discovery | [DISCOVERY] tag 3D (4191) untags=Indie(492) -> total_count=26,755
2026-08-31 12:13:07 | INFO    | steamreq.discovery | [DISCOVERY] 3D                     | +199 novos | uniao=199
2026-08-31 12:13:07 | INFO    | steamreq.discovery | [DISCOVERY] --- tag 2/3: First-Person ---
2026-08-31 12:13:11 | INFO    | steamreq.discovery | [DISCOVERY] tag First-Person (3839) untags=Indie(492) -> total_count=15,103
2026-08-31 12:13:24 | INFO    | steamreq.discovery | [DISCOVERY] First-Person           | +143 novos | uniao=342
2026-08-31 12:13:24 | INFO    | steamreq.discovery | [DISCOVERY] --- tag 3/3: Third Person ---
2026-08-31 12:13:28 | INFO    | steamreq.discovery | [DISCOVERY] tag Third Person (1697) untags=Indie(492) -> total_count=10,921
2026-08-31 12:13:39 | INFO    | steamreq.discovery | [DISCOVERY] Third Person           | +107 novos | uniao=449
2026-08-31 12:13:39 | INFO    | steamreq.discovery | [DISCOVERY] uniao de 3 tags positivas -> 449 app_ids unicos
2026-08-31 12:13:39 | INFO    | steamreq.discovery | [DISCOVERY] gravado em C:\Users\z004kree\OneDrive - Siemens Energy\Área de Trabalho\MBA DSA\steam-req-pipeline\data/processed/candidates_pilot.json
