2026-08-31 10:00:55 | DEBUG   | steamreq | logging inicializado | arquivo=C:\Users\z004kree\OneDrive - Siemens Energy\Área de Trabalho\MBA DSA\steam-req-pipeline\data/logs\run_20260831_100055.log
2026-08-31 10:00:55 | INFO    | steamreq.cli | ==============================================================================
2026-08-31 10:00:55 | INFO    | steamreq.cli | steam-req-pipeline v0.1.0 | scraper=0.1.0 | filter_version=1.0.0
2026-08-31 10:00:55 | INFO    | steamreq.cli | log persistente: C:\Users\z004kree\OneDrive - Siemens Energy\Área de Trabalho\MBA DSA\steam-req-pipeline\data/logs\run_20260831_100055.log
2026-08-31 10:00:55 | INFO    | steamreq.cli | ==============================================================================
2026-08-31 10:00:55 | INFO    | steamreq.cli | [SAMPLE]    220        Half-Life 2 (2004: deve ser excluido por BEFORE_2005)
2026-08-31 10:00:55 | INFO    | steamreq.cli | [SAMPLE]    620        Portal 2 (2011: SEM requisitos recomendados)
2026-08-31 10:00:55 | INFO    | steamreq.cli | [SAMPLE]    730        Counter-Strike 2 (F2P, SEM recomendados, item 2.12)
2026-08-31 10:00:55 | INFO    | steamreq.cli | [SAMPLE]    105600     Terraria (FORMATO B de markup + tags 2D)
2026-08-31 10:00:55 | INFO    | steamreq.cli | [SAMPLE]    271590     GTA V Legacy (age gate que NAO bloqueia)
2026-08-31 10:00:55 | INFO    | steamreq.cli | [SAMPLE]    1091500    Cyberpunk 2077 (FORMATO A canonico, AAA recente)
2026-08-31 10:00:55 | INFO    | steamreq.cli | [SAMPLE]    1245620    ELDEN RING (AAA 2022, Souls-like)
2026-08-31 10:00:55 | INFO    | steamreq.cli | [SAMPLE]    1174180    Red Dead Redemption 2 (AAA 2019)
2026-08-31 10:00:55 | INFO    | steamreq.cli | [SAMPLE]    1145360    Hades (Indie + 2.5D: teste do item 2.9/2.10)
2026-08-31 10:00:55 | INFO    | steamreq.cli | [SAMPLE]    2138330    Cyberpunk: Phantom Liberty (DLC: deve dar NOT_GAME)
2026-08-31 10:00:55 | INFO    | steamreq.cli | [SAMPLE]    339800     HuniePop (age gate COM login: PARTIAL_NO_TAGS)
2026-08-31 10:00:55 | INFO    | steamreq.cli | [SAMPLE]    999999999  app_id inexistente (HTTP 200 com success:false)
2026-08-31 10:00:55 | INFO    | steamreq.cli | [SAMPLE]    292030     The Witcher 3 (2015, AAA)
2026-08-31 10:00:55 | INFO    | steamreq.cli | [SAMPLE]    582010     Monster Hunter World (2018)
2026-08-31 10:00:55 | INFO    | steamreq.cli | [SAMPLE]    367520     Hollow Knight (Indie 2D: teste de exclusao)
2026-08-31 10:00:55 | INFO    | steamreq.cli | [SAMPLE]    413150     Stardew Valley (Pixel Graphics + Indie)
2026-08-31 10:00:55 | INFO    | steamreq.cli | [SAMPLE]    48700      Mount & Blade: Warband (2010, antigo)
2026-08-31 10:00:55 | DEBUG   | steamreq.storage | checkpoint gravado em C:\Users\z004kree\OneDrive - Siemens Energy\Área de Trabalho\MBA DSA\steam-req-pipeline\data/checkpoints/scrape_state.json (17 apps)
2026-08-31 10:00:55 | INFO    | steamreq.scraper | [SCRAPE]    17 app_ids na fila | tags do HTML=True | ritmo appdetails=0.6s
2026-08-31 10:00:55 | INFO    | steamreq.scraper | [SCRAPE 01/17 | 5.9%] app_id=220
2026-08-31 10:00:55 | INFO    | steamreq.scraper |    [OK] appdetails 21.0 KB | type=game | release=Nov 16, 2004 | reviews=202,246
2026-08-31 10:00:56 | INFO    | steamreq.scraper |    [OK] 20 tags via STORE_HTML
2026-08-31 10:00:56 | INFO    | steamreq.scraper |    [INFO] sem requisitos recomendados na Steam (has_recommended_requirements=false); minimos capturados
2026-08-31 10:00:56 | INFO    | steamreq.scraper | [SCRAPE 02/17 | 11.8%] app_id=620
2026-08-31 10:00:56 | INFO    | steamreq.scraper |    [OK] appdetails 27.5 KB | type=game | release=Apr 18, 2011 | reviews=389,762
2026-08-31 10:00:57 | INFO    | steamreq.scraper |    [OK] 20 tags via STORE_HTML
2026-08-31 10:00:57 | INFO    | steamreq.scraper |    [INFO] sem requisitos recomendados na Steam (has_recommended_requirements=false); minimos capturados
2026-08-31 10:00:57 | INFO    | steamreq.scraper | [SCRAPE 03/17 | 17.6%] app_id=730
2026-08-31 10:00:57 | INFO    | steamreq.scraper |    [OK] appdetails 16.9 KB | type=game | release=Aug 21, 2012 | reviews=5,247,395
2026-08-31 10:00:58 | INFO    | steamreq.scraper |    [OK] 20 tags via STORE_HTML
2026-08-31 10:00:58 | INFO    | steamreq.scraper |    [INFO] sem requisitos recomendados na Steam (has_recommended_requirements=false); minimos capturados
2026-08-31 10:00:58 | INFO    | steamreq.scraper | [SCRAPE 04/17 | 23.5%] app_id=105600
2026-08-31 10:00:58 | INFO    | steamreq.scraper |    [OK] appdetails 21.8 KB | type=game | release=May 16, 2011 | reviews=1,236,199
2026-08-31 10:00:59 | INFO    | steamreq.scraper |    [OK] 20 tags via STORE_HTML
2026-08-31 10:00:59 | INFO    | steamreq.scraper |    [OK] requisitos RECOMENDADOS capturados (formato B)
2026-08-31 10:00:59 | INFO    | steamreq.scraper | [SCRAPE 05/17 | 29.4%] app_id=271590
2026-08-31 10:00:59 | INFO    | steamreq.scraper |    [OK] appdetails 64.5 KB | type=game | release=Apr 13, 2015 | reviews=1,893,222
2026-08-31 10:01:00 | INFO    | steamreq.scraper |    [OK] 20 tags via STORE_HTML
2026-08-31 10:01:00 | INFO    | steamreq.scraper |    [OK] requisitos RECOMENDADOS capturados (formato A)
2026-08-31 10:01:00 | INFO    | steamreq.scraper | [SCRAPE 06/17 | 35.3%] app_id=1091500
2026-08-31 10:01:00 | INFO    | steamreq.scraper |    [OK] appdetails 34.3 KB | type=game | release=Dec 9, 2020 | reviews=886,479
2026-08-31 10:01:01 | WARNING | steamreq.scraper |    [WARN] InitAppTagModal ausente para app 1091500 (51.4 KB bytes) -> possivel mudanca de estrutura
2026-08-31 10:01:01 | WARNING | steamreq.scraper |    [WARN] UNAVAILABLE -> tags indisponiveis; requisitos preservados
2026-08-31 10:01:01 | INFO    | steamreq.scraper |    [OK] requisitos RECOMENDADOS capturados (formato A)
2026-08-31 10:01:01 | INFO    | steamreq.scraper | [SCRAPE 07/17 | 41.2%] app_id=1245620
2026-08-31 10:01:01 | INFO    | steamreq.scraper |    [OK] appdetails 30.9 KB | type=game | release=Feb 24, 2022 | reviews=829,465
2026-08-31 10:01:02 | WARNING | steamreq.scraper |    [WARN] InitAppTagModal ausente para app 1245620 (51.6 KB bytes) -> possivel mudanca de estrutura
2026-08-31 10:01:02 | WARNING | steamreq.scraper |    [WARN] UNAVAILABLE -> tags indisponiveis; requisitos preservados
2026-08-31 10:01:02 | INFO    | steamreq.scraper |    [OK] requisitos RECOMENDADOS capturados (formato A)
2026-08-31 10:01:02 | INFO    | steamreq.scraper | [SCRAPE 08/17 | 47.1%] app_id=1174180
2026-08-31 10:01:02 | INFO    | steamreq.scraper |    [OK] appdetails 16.1 KB | type=game | release=Dec 5, 2019 | reviews=839,873
2026-08-31 10:01:03 | INFO    | steamreq.scraper |    [OK] 20 tags via STORE_HTML
2026-08-31 10:01:03 | INFO    | steamreq.scraper |    [OK] requisitos RECOMENDADOS capturados (formato A)
2026-08-31 10:01:03 | INFO    | steamreq.scraper | [SCRAPE 09/17 | 52.9%] app_id=1145360
2026-08-31 10:01:03 | INFO    | steamreq.scraper |    [OK] appdetails 21.2 KB | type=game | release=Sep 17, 2020 | reviews=285,324
2026-08-31 10:01:04 | WARNING | steamreq.scraper |    [WARN] InitAppTagModal ausente para app 1145360 (51.8 KB bytes) -> possivel mudanca de estrutura
2026-08-31 10:01:04 | WARNING | steamreq.scraper |    [WARN] UNAVAILABLE -> tags indisponiveis; requisitos preservados
2026-08-31 10:01:04 | INFO    | steamreq.scraper |    [OK] requisitos RECOMENDADOS capturados (formato A)
2026-08-31 10:01:04 | INFO    | steamreq.scraper | [SCRAPE 10/17 | 58.8%] app_id=2138330
2026-08-31 10:01:04 | INFO    | steamreq.scraper |    [OK] appdetails 20.8 KB | type=dlc | release=Sep 25, 2023 | reviews=22,242
2026-08-31 10:01:05 | WARNING | steamreq.scraper |    [WARN] InitAppTagModal ausente para app 2138330 (51.7 KB bytes) -> possivel mudanca de estrutura
2026-08-31 10:01:05 | WARNING | steamreq.scraper |    [WARN] UNAVAILABLE -> tags indisponiveis; requisitos preservados
2026-08-31 10:01:05 | INFO    | steamreq.scraper |    [OK] requisitos RECOMENDADOS capturados (formato A)
2026-08-31 10:01:05 | INFO    | steamreq.scraper | [SCRAPE 11/17 | 64.7%] app_id=339800
2026-08-31 10:01:05 | INFO    | steamreq.scraper |    [OK] appdetails 16.3 KB | type=game | release=Jan 19, 2015 | reviews=23,995
2026-08-31 10:01:06 | WARNING | steamreq.scraper |    [WARN] AGE_GATE_LOGIN_REQUIRED -> tags indisponiveis; requisitos preservados
2026-08-31 10:01:06 | INFO    | steamreq.scraper |    [INFO] sem requisitos recomendados na Steam (has_recommended_requirements=false); minimos capturados
2026-08-31 10:01:06 | INFO    | steamreq.scraper | [SCRAPE 12/17 | 70.6%] app_id=999999999
2026-08-31 10:01:06 | WARNING | steamreq.scraper |    [FAIL] appdetails success=false (app removido ou indisponivel na regiao) | sem retry
2026-08-31 10:01:06 | INFO    | steamreq.scraper | [SCRAPE 13/17 | 76.5%] app_id=292030
2026-08-31 10:01:07 | INFO    | steamreq.scraper |    [OK] appdetails 22.5 KB | type=game | release=May 18, 2015 | reviews=831,091
2026-08-31 10:01:08 | WARNING | steamreq.scraper |    [WARN] InitAppTagModal ausente para app 292030 (51.8 KB bytes) -> possivel mudanca de estrutura
2026-08-31 10:01:08 | WARNING | steamreq.scraper |    [WARN] UNAVAILABLE -> tags indisponiveis; requisitos preservados
2026-08-31 10:01:08 | INFO    | steamreq.scraper |    [OK] requisitos RECOMENDADOS capturados (formato A)
2026-08-31 10:01:08 | INFO    | steamreq.scraper | [SCRAPE 14/17 | 82.4%] app_id=582010
2026-08-31 10:01:08 | INFO    | steamreq.scraper |    [OK] appdetails 33.3 KB | type=game | release=Aug 8, 2018 | reviews=320,331
2026-08-31 10:01:09 | INFO    | steamreq.scraper |    [OK] 20 tags via STORE_HTML
2026-08-31 10:01:09 | INFO    | steamreq.scraper |    [OK] requisitos RECOMENDADOS capturados (formato A)
2026-08-31 10:01:09 | INFO    | steamreq.scraper | [SCRAPE 15/17 | 88.2%] app_id=367520
2026-08-31 10:01:09 | INFO    | steamreq.scraper |    [OK] appdetails 31.3 KB | type=game | release=Feb 24, 2017 | reviews=501,037
2026-08-31 10:01:10 | INFO    | steamreq.scraper |    [OK] 20 tags via STORE_HTML
2026-08-31 10:01:10 | INFO    | steamreq.scraper |    [OK] requisitos RECOMENDADOS capturados (formato A)
2026-08-31 10:01:10 | INFO    | steamreq.scraper | [SCRAPE 16/17 | 94.1%] app_id=413150
2026-08-31 10:01:10 | INFO    | steamreq.scraper |    [OK] appdetails 22.8 KB | type=game | release=Feb 26, 2016 | reviews=891,349
2026-08-31 10:01:11 | WARNING | steamreq.scraper |    [WARN] InitAppTagModal ausente para app 413150 (52.1 KB bytes) -> possivel mudanca de estrutura
2026-08-31 10:01:11 | WARNING | steamreq.scraper |    [WARN] UNAVAILABLE -> tags indisponiveis; requisitos preservados
2026-08-31 10:01:11 | INFO    | steamreq.scraper |    [INFO] sem requisitos recomendados na Steam (has_recommended_requirements=false); minimos capturados
2026-08-31 10:01:11 | INFO    | steamreq.scraper | [SCRAPE 17/17 | 100.0%] app_id=48700
2026-08-31 10:01:11 | INFO    | steamreq.scraper |    [OK] appdetails 14.6 KB | type=game | release=Mar 31, 2010 | reviews=135,342
2026-08-31 10:01:12 | INFO    | steamreq.scraper |    [OK] 20 tags via STORE_HTML
2026-08-31 10:01:12 | INFO    | steamreq.scraper |    [OK] requisitos RECOMENDADOS capturados (formato A)
2026-08-31 10:01:12 | DEBUG   | steamreq.storage | checkpoint gravado em C:\Users\z004kree\OneDrive - Siemens Energy\Área de Trabalho\MBA DSA\steam-req-pipeline\data/checkpoints/scrape_state.json (17 apps)
2026-08-31 10:01:12 | DEBUG   | steamreq.storage | checkpoint gravado em C:\Users\z004kree\OneDrive - Siemens Energy\Área de Trabalho\MBA DSA\steam-req-pipeline\data/checkpoints/scrape_state.json (17 apps)
2026-08-31 10:01:12 | INFO    | steamreq.scraper | [CHECKPOINT] 9 completos | 7 parciais | 1 falhas | 0 pulados | 0 restantes
2026-08-31 10:01:12 | INFO    | steamreq.scraper |              estado global: COMPLETE=9 PARTIAL=7 FAILED=1 PENDING=0
2026-08-31 10:01:12 | INFO    | steamreq.scraper |              decorrido 00:00:16 | ETA n/d | HTTP: 33 reqs, 0 retries, 0 rate-limited
2026-08-31 10:01:12 | INFO    | steamreq.cli | [SCRAPE]    FIM | 9 completos | 7 parciais | 1 falhas | 0 pulados
